// Jest Snapshot v1, https://goo.gl/fbAQLP

exports[`icon test 1`] = `ShallowWrapper {}`;
